[debug] [2026-07-06T18:25:18.223Z] ----------------------------------------------------------------------
[debug] [2026-07-06T18:25:18.251Z] Command:       C:\nvm4w\nodejs\node.exe C:\nvm4w\nodejs\node_modules\firebase-tools\lib\bin\firebase.js projects:list
[debug] [2026-07-06T18:25:18.253Z] CLI Version:   15.19.0
[debug] [2026-07-06T18:25:18.254Z] Platform:      win32
[debug] [2026-07-06T18:25:18.254Z] Node Version:  v20.18.1
[debug] [2026-07-06T18:25:18.254Z] Time:          Mon Jul 06 2026 23:55:18 GMT+0530 (India Standard Time)
[debug] [2026-07-06T18:25:18.255Z] ----------------------------------------------------------------------
[debug] 
[debug] [2026-07-06T18:25:20.167Z] > command requires scopes: ["email","openid","https://www.googleapis.com/auth/cloudplatformprojects.readonly","https://www.googleapis.com/auth/firebase","https://www.googleapis.com/auth/cloud-platform"]
[debug] [2026-07-06T18:25:20.170Z] > authorizing via signed-in user (dhruvshere.lumoslogic@gmail.com)
[debug] [2026-07-06T18:25:20.202Z] Checked if tokens are valid: true, expires at: 1783365195954
[debug] [2026-07-06T18:25:20.208Z] Checked if tokens are valid: true, expires at: 1783365195954
[debug] [2026-07-06T18:25:20.224Z] >>> [apiv2][query] GET https://firebase.googleapis.com/v1beta1/projects pageSize=1000
[debug] [2026-07-06T18:25:21.879Z] <<< [apiv2][status] GET https://firebase.googleapis.com/v1beta1/projects 200
[debug] [2026-07-06T18:25:21.879Z] <<< [apiv2][body] GET https://firebase.googleapis.com/v1beta1/projects [omitted]
[info] ┌──────────────────────┬────────────────────────────┬────────────────┬──────────────────────┐
│ Project Display Name │ Project ID                 │ Project Number │ Resource Location ID │
├──────────────────────┼────────────────────────────┼────────────────┼──────────────────────┤
│ Recruitx-ai          │ callerx-ai                 │ 315769327992   │ [Not specified]      │
├──────────────────────┼────────────────────────────┼────────────────┼──────────────────────┤
│ CorporateGifting     │ corporategifting-ac0f4     │ 130046802893   │ [Not specified]      │
├──────────────────────┼────────────────────────────┼────────────────┼──────────────────────┤
│ devtrackrbylumos     │ devtrackrbylumos           │ 381892570389   │ [Not specified]      │
├──────────────────────┼────────────────────────────┼────────────────┼──────────────────────┤
│ lumoslogic           │ lumoslogic-3770b (current) │ 874559728801   │ [Not specified]      │
├──────────────────────┼────────────────────────────┼────────────────┼──────────────────────┤
│ NewTruHolidays       │ newtruholidays             │ 849022027811   │ [Not specified]      │
├──────────────────────┼────────────────────────────┼────────────────┼──────────────────────┤
│ Orvix                │ orvix-e3c9e                │ 421499604306   │ [Not specified]      │
├──────────────────────┼────────────────────────────┼────────────────┼──────────────────────┤
│ SGlite               │ sglite-d73c4               │ 276301487913   │ [Not specified]      │
├──────────────────────┼────────────────────────────┼────────────────┼──────────────────────┤
│ Washcure             │ washcure-2f63e             │ 83109412794    │ [Not specified]      │
└──────────────────────┴────────────────────────────┴────────────────┴──────────────────────┘
[info] 
[info] 8 project(s) total.
[debug] [2026-07-06T18:25:22.250Z] Error: EPIPE: broken pipe, write
    at Socket._write (node:internal/net:61:18)
    at writeOrBuffer (node:internal/streams/writable:572:12)
    at _write (node:internal/streams/writable:501:10)
    at Writable.write (node:internal/streams/writable:510:10)
    at Console.log (C:\Users\SHERE\AppData\Roaming\nvm\v20.18.1\node_modules\firebase-tools\node_modules\winston\lib\winston\transports\console.js:87:23)
    at Console._write (C:\Users\SHERE\AppData\Roaming\nvm\v20.18.1\node_modules\firebase-tools\node_modules\winston-transport\modern.js:103:17)
    at doWrite (C:\Users\SHERE\AppData\Roaming\nvm\v20.18.1\node_modules\firebase-tools\node_modules\winston-transport\node_modules\readable-stream\lib\_stream_writable.js:390:139)
    at writeOrBuffer (C:\Users\SHERE\AppData\Roaming\nvm\v20.18.1\node_modules\firebase-tools\node_modules\winston-transport\node_modules\readable-stream\lib\_stream_writable.js:381:5)
    at Writable.write (C:\Users\SHERE\AppData\Roaming\nvm\v20.18.1\node_modules\firebase-tools\node_modules\winston-transport\node_modules\readable-stream\lib\_stream_writable.js:302:11)
    at DerivedLogger.ondata (C:\Users\SHERE\AppData\Roaming\nvm\v20.18.1\node_modules\firebase-tools\node_modules\winston\node_modules\readable-stream\lib\_stream_readable.js:629:20)
[error] 
[error] Error: An unexpected error has occurred.
[debug] [2026-07-06T18:25:22.252Z] Error: EPIPE: broken pipe, write
    at Socket._write (node:internal/net:61:18)
    at writeOrBuffer (node:internal/streams/writable:572:12)
    at _write (node:internal/streams/writable:501:10)
    at Writable.write (node:internal/streams/writable:510:10)
    at Console.log (C:\Users\SHERE\AppData\Roaming\nvm\v20.18.1\node_modules\firebase-tools\node_modules\winston\lib\winston\transports\console.js:87:23)
    at Console._write (C:\Users\SHERE\AppData\Roaming\nvm\v20.18.1\node_modules\firebase-tools\node_modules\winston-transport\modern.js:103:17)
    at doWrite (C:\Users\SHERE\AppData\Roaming\nvm\v20.18.1\node_modules\firebase-tools\node_modules\winston-transport\node_modules\readable-stream\lib\_stream_writable.js:390:139)
    at writeOrBuffer (C:\Users\SHERE\AppData\Roaming\nvm\v20.18.1\node_modules\firebase-tools\node_modules\winston-transport\node_modules\readable-stream\lib\_stream_writable.js:381:5)
    at Writable.write (C:\Users\SHERE\AppData\Roaming\nvm\v20.18.1\node_modules\firebase-tools\node_modules\winston-transport\node_modules\readable-stream\lib\_stream_writable.js:302:11)
    at DerivedLogger.ondata (C:\Users\SHERE\AppData\Roaming\nvm\v20.18.1\node_modules\firebase-tools\node_modules\winston\node_modules\readable-stream\lib\_stream_readable.js:629:20)
[error] 
[error] Error: An unexpected error has occurred.
[debug] [2026-07-06T18:25:22.255Z] Error: EPIPE: broken pipe, write
    at Socket._write (node:internal/net:61:18)
    at writeOrBuffer (node:internal/streams/writable:572:12)
    at _write (node:internal/streams/writable:501:10)
    at Writable.write (node:internal/streams/writable:510:10)
    at Console.log (C:\Users\SHERE\AppData\Roaming\nvm\v20.18.1\node_modules\firebase-tools\node_modules\winston\lib\winston\transports\console.js:87:23)
    at Console._write (C:\Users\SHERE\AppData\Roaming\nvm\v20.18.1\node_modules\firebase-tools\node_modules\winston-transport\modern.js:103:17)
    at doWrite (C:\Users\SHERE\AppData\Roaming\nvm\v20.18.1\node_modules\firebase-tools\node_modules\winston-transport\node_modules\readable-stream\lib\_stream_writable.js:390:139)
    at writeOrBuffer (C:\Users\SHERE\AppData\Roaming\nvm\v20.18.1\node_modules\firebase-tools\node_modules\winston-transport\node_modules\readable-stream\lib\_stream_writable.js:381:5)
    at Writable.write (C:\Users\SHERE\AppData\Roaming\nvm\v20.18.1\node_modules\firebase-tools\node_modules\winston-transport\node_modules\readable-stream\lib\_stream_writable.js:302:11)
    at DerivedLogger.ondata (C:\Users\SHERE\AppData\Roaming\nvm\v20.18.1\node_modules\firebase-tools\node_modules\winston\node_modules\readable-stream\lib\_stream_readable.js:629:20)
[error] 
[error] Error: An unexpected error has occurred.
[debug] [2026-07-06T18:25:22.256Z] Error: EPIPE: broken pipe, write
    at Socket._write (node:internal/net:61:18)
    at writeOrBuffer (node:internal/streams/writable:572:12)
    at _write (node:internal/streams/writable:501:10)
    at Writable.write (node:internal/streams/writable:510:10)
    at Console.log (C:\Users\SHERE\AppData\Roaming\nvm\v20.18.1\node_modules\firebase-tools\node_modules\winston\lib\winston\transports\console.js:87:23)
    at Console._write (C:\Users\SHERE\AppData\Roaming\nvm\v20.18.1\node_modules\firebase-tools\node_modules\winston-transport\modern.js:103:17)
    at doWrite (C:\Users\SHERE\AppData\Roaming\nvm\v20.18.1\node_modules\firebase-tools\node_modules\winston-transport\node_modules\readable-stream\lib\_stream_writable.js:390:139)
    at writeOrBuffer (C:\Users\SHERE\AppData\Roaming\nvm\v20.18.1\node_modules\firebase-tools\node_modules\winston-transport\node_modules\readable-stream\lib\_stream_writable.js:381:5)
    at Writable.write (C:\Users\SHERE\AppData\Roaming\nvm\v20.18.1\node_modules\firebase-tools\node_modules\winston-transport\node_modules\readable-stream\lib\_stream_writable.js:302:11)
    at DerivedLogger.ondata (C:\Users\SHERE\AppData\Roaming\nvm\v20.18.1\node_modules\firebase-tools\node_modules\winston\node_modules\readable-stream\lib\_stream_readable.js:629:20)
[error] 
[error] Error: An unexpected error has occurred.
[debug] [2026-07-06T18:25:22.260Z] Error: EPIPE: broken pipe, write
    at Socket._write (node:internal/net:61:18)
    at writeOrBuffer (node:internal/streams/writable:572:12)
    at _write (node:internal/streams/writable:501:10)
    at Writable.write (node:internal/streams/writable:510:10)
    at Console.log (C:\Users\SHERE\AppData\Roaming\nvm\v20.18.1\node_modules\firebase-tools\node_modules\winston\lib\winston\transports\console.js:87:23)
    at Console._write (C:\Users\SHERE\AppData\Roaming\nvm\v20.18.1\node_modules\firebase-tools\node_modules\winston-transport\modern.js:103:17)
    at doWrite (C:\Users\SHERE\AppData\Roaming\nvm\v20.18.1\node_modules\firebase-tools\node_modules\winston-transport\node_modules\readable-stream\lib\_stream_writable.js:390:139)
    at writeOrBuffer (C:\Users\SHERE\AppData\Roaming\nvm\v20.18.1\node_modules\firebase-tools\node_modules\winston-transport\node_modules\readable-stream\lib\_stream_writable.js:381:5)
    at Writable.write (C:\Users\SHERE\AppData\Roaming\nvm\v20.18.1\node_modules\firebase-tools\node_modules\winston-transport\node_modules\readable-stream\lib\_stream_writable.js:302:11)
    at DerivedLogger.ondata (C:\Users\SHERE\AppData\Roaming\nvm\v20.18.1\node_modules\firebase-tools\node_modules\winston\node_modules\readable-stream\lib\_stream_readable.js:629:20)
[error] 
[error] Error: An unexpected error has occurred.
[debug] [2026-07-06T18:25:22.264Z] Error: EPIPE: broken pipe, write
    at Socket._write (node:internal/net:61:18)
    at writeOrBuffer (node:internal/streams/writable:572:12)
    at _write (node:internal/streams/writable:501:10)
    at Writable.write (node:internal/streams/writable:510:10)
    at Console.log (C:\Users\SHERE\AppData\Roaming\nvm\v20.18.1\node_modules\firebase-tools\node_modules\winston\lib\winston\transports\console.js:87:23)
    at Console._write (C:\Users\SHERE\AppData\Roaming\nvm\v20.18.1\node_modules\firebase-tools\node_modules\winston-transport\modern.js:103:17)
    at doWrite (C:\Users\SHERE\AppData\Roaming\nvm\v20.18.1\node_modules\firebase-tools\node_modules\winston-transport\node_modules\readable-stream\lib\_stream_writable.js:390:139)
    at writeOrBuffer (C:\Users\SHERE\AppData\Roaming\nvm\v20.18.1\node_modules\firebase-tools\node_modules\winston-transport\node_modules\readable-stream\lib\_stream_writable.js:381:5)
    at Writable.write (C:\Users\SHERE\AppData\Roaming\nvm\v20.18.1\node_modules\firebase-tools\node_modules\winston-transport\node_modules\readable-stream\lib\_stream_writable.js:302:11)
    at DerivedLogger.ondata (C:\Users\SHERE\AppData\Roaming\nvm\v20.18.1\node_modules\firebase-tools\node_modules\winston\node_modules\readable-stream\lib\_stream_readable.js:629:20)
[error] 
[error] Error: An unexpected error has occurred.
[debug] [2026-07-06T18:25:22.266Z] Error: EPIPE: broken pipe, write
    at Socket._write (node:internal/net:61:18)
    at writeOrBuffer (node:internal/streams/writable:572:12)
    at _write (node:internal/streams/writable:501:10)
    at Writable.write (node:internal/streams/writable:510:10)
    at Console.log (C:\Users\SHERE\AppData\Roaming\nvm\v20.18.1\node_modules\firebase-tools\node_modules\winston\lib\winston\transports\console.js:87:23)
    at Console._write (C:\Users\SHERE\AppData\Roaming\nvm\v20.18.1\node_modules\firebase-tools\node_modules\winston-transport\modern.js:103:17)
    at doWrite (C:\Users\SHERE\AppData\Roaming\nvm\v20.18.1\node_modules\firebase-tools\node_modules\winston-transport\node_modules\readable-stream\lib\_stream_writable.js:390:139)
    at writeOrBuffer (C:\Users\SHERE\AppData\Roaming\nvm\v20.18.1\node_modules\firebase-tools\node_modules\winston-transport\node_modules\readable-stream\lib\_stream_writable.js:381:5)
    at Writable.write (C:\Users\SHERE\AppData\Roaming\nvm\v20.18.1\node_modules\firebase-tools\node_modules\winston-transport\node_modules\readable-stream\lib\_stream_writable.js:302:11)
    at DerivedLogger.ondata (C:\Users\SHERE\AppData\Roaming\nvm\v20.18.1\node_modules\firebase-tools\node_modules\winston\node_modules\readable-stream\lib\_stream_readable.js:629:20)
[error] 
[error] Error: An unexpected error has occurred.
[debug] [2026-07-06T18:25:22.267Z] Error: EPIPE: broken pipe, write
    at Socket._write (node:internal/net:61:18)
    at writeOrBuffer (node:internal/streams/writable:572:12)
    at _write (node:internal/streams/writable:501:10)
    at Writable.write (node:internal/streams/writable:510:10)
    at Console.log (C:\Users\SHERE\AppData\Roaming\nvm\v20.18.1\node_modules\firebase-tools\node_modules\winston\lib\winston\transports\console.js:87:23)
    at Console._write (C:\Users\SHERE\AppData\Roaming\nvm\v20.18.1\node_modules\firebase-tools\node_modules\winston-transport\modern.js:103:17)
    at doWrite (C:\Users\SHERE\AppData\Roaming\nvm\v20.18.1\node_modules\firebase-tools\node_modules\winston-transport\node_modules\readable-stream\lib\_stream_writable.js:390:139)
    at writeOrBuffer (C:\Users\SHERE\AppData\Roaming\nvm\v20.18.1\node_modules\firebase-tools\node_modules\winston-transport\node_modules\readable-stream\lib\_stream_writable.js:381:5)
    at Writable.write (C:\Users\SHERE\AppData\Roaming\nvm\v20.18.1\node_modules\firebase-tools\node_modules\winston-transport\node_modules\readable-stream\lib\_stream_writable.js:302:11)
    at DerivedLogger.ondata (C:\Users\SHERE\AppData\Roaming\nvm\v20.18.1\node_modules\firebase-tools\node_modules\winston\node_modules\readable-stream\lib\_stream_readable.js:629:20)
[error] 
[error] Error: An unexpected error has occurred.
[debug] [2026-07-06T18:25:22.269Z] Error: EPIPE: broken pipe, write
    at Socket._write (node:internal/net:61:18)
    at writeOrBuffer (node:internal/streams/writable:572:12)
    at _write (node:internal/streams/writable:501:10)
    at Writable.write (node:internal/streams/writable:510:10)
    at Console.log (C:\Users\SHERE\AppData\Roaming\nvm\v20.18.1\node_modules\firebase-tools\node_modules\winston\lib\winston\transports\console.js:87:23)
    at Console._write (C:\Users\SHERE\AppData\Roaming\nvm\v20.18.1\node_modules\firebase-tools\node_modules\winston-transport\modern.js:103:17)
    at doWrite (C:\Users\SHERE\AppData\Roaming\nvm\v20.18.1\node_modules\firebase-tools\node_modules\winston-transport\node_modules\readable-stream\lib\_stream_writable.js:390:139)
    at writeOrBuffer (C:\Users\SHERE\AppData\Roaming\nvm\v20.18.1\node_modules\firebase-tools\node_modules\winston-transport\node_modules\readable-stream\lib\_stream_writable.js:381:5)
    at Writable.write (C:\Users\SHERE\AppData\Roaming\nvm\v20.18.1\node_modules\firebase-tools\node_modules\winston-transport\node_modules\readable-stream\lib\_stream_writable.js:302:11)
    at DerivedLogger.ondata (C:\Users\SHERE\AppData\Roaming\nvm\v20.18.1\node_modules\firebase-tools\node_modules\winston\node_modules\readable-stream\lib\_stream_readable.js:629:20)
[error] 
[error] Error: An unexpected error has occurred.
[debug] [2026-07-06T18:25:22.271Z] Error: EPIPE: broken pipe, write
    at Socket._write (node:internal/net:61:18)
    at writeOrBuffer (node:internal/streams/writable:572:12)
    at _write (node:internal/streams/writable:501:10)
    at Writable.write (node:internal/streams/writable:510:10)
    at Console.log (C:\Users\SHERE\AppData\Roaming\nvm\v20.18.1\node_modules\firebase-tools\node_modules\winston\lib\winston\transports\console.js:87:23)
    at Console._write (C:\Users\SHERE\AppData\Roaming\nvm\v20.18.1\node_modules\firebase-tools\node_modules\winston-transport\modern.js:103:17)
    at doWrite (C:\Users\SHERE\AppData\Roaming\nvm\v20.18.1\node_modules\firebase-tools\node_modules\winston-transport\node_modules\readable-stream\lib\_stream_writable.js:390:139)
    at writeOrBuffer (C:\Users\SHERE\AppData\Roaming\nvm\v20.18.1\node_modules\firebase-tools\node_modules\winston-transport\node_modules\readable-stream\lib\_stream_writable.js:381:5)
    at Writable.write (C:\Users\SHERE\AppData\Roaming\nvm\v20.18.1\node_modules\firebase-tools\node_modules\winston-transport\node_modules\readable-stream\lib\_stream_writable.js:302:11)
    at DerivedLogger.ondata (C:\Users\SHERE\AppData\Roaming\nvm\v20.18.1\node_modules\firebase-tools\node_modules\winston\node_modules\readable-stream\lib\_stream_readable.js:629:20)
[error] 
[error] Error: An unexpected error has occurred.
[debug] [2026-07-06T18:25:22.272Z] Error: EPIPE: broken pipe, write
    at Socket._write (node:internal/net:61:18)
    at writeOrBuffer (node:internal/streams/writable:572:12)
    at _write (node:internal/streams/writable:501:10)
    at Writable.write (node:internal/streams/writable:510:10)
    at Console.log (C:\Users\SHERE\AppData\Roaming\nvm\v20.18.1\node_modules\firebase-tools\node_modules\winston\lib\winston\transports\console.js:87:23)
    at Console._write (C:\Users\SHERE\AppData\Roaming\nvm\v20.18.1\node_modules\firebase-tools\node_modules\winston-transport\modern.js:103:17)
    at doWrite (C:\Users\SHERE\AppData\Roaming\nvm\v20.18.1\node_modules\firebase-tools\node_modules\winston-transport\node_modules\readable-stream\lib\_stream_writable.js:390:139)
    at writeOrBuffer (C:\Users\SHERE\AppData\Roaming\nvm\v20.18.1\node_modules\firebase-tools\node_modules\winston-transport\node_modules\readable-stream\lib\_stream_writable.js:381:5)
    at Writable.write (C:\Users\SHERE\AppData\Roaming\nvm\v20.18.1\node_modules\firebase-tools\node_modules\winston-transport\node_modules\readable-stream\lib\_stream_writable.js:302:11)
    at DerivedLogger.ondata (C:\Users\SHERE\AppData\Roaming\nvm\v20.18.1\node_modules\firebase-tools\node_modules\winston\node_modules\readable-stream\lib\_stream_readable.js:629:20)
[error] 
[error] Error: An unexpected error has occurred.
[debug] [2026-07-06T18:25:22.283Z] Error: EPIPE: broken pipe, write
    at Socket._write (node:internal/net:61:18)
    at writeOrBuffer (node:internal/streams/writable:572:12)
    at _write (node:internal/streams/writable:501:10)
    at Writable.write (node:internal/streams/writable:510:10)
    at Console.log (C:\Users\SHERE\AppData\Roaming\nvm\v20.18.1\node_modules\firebase-tools\node_modules\winston\lib\winston\transports\console.js:87:23)
    at Console._write (C:\Users\SHERE\AppData\Roaming\nvm\v20.18.1\node_modules\firebase-tools\node_modules\winston-transport\modern.js:103:17)
    at doWrite (C:\Users\SHERE\AppData\Roaming\nvm\v20.18.1\node_modules\firebase-tools\node_modules\winston-transport\node_modules\readable-stream\lib\_stream_writable.js:390:139)
    at writeOrBuffer (C:\Users\SHERE\AppData\Roaming\nvm\v20.18.1\node_modules\firebase-tools\node_modules\winston-transport\node_modules\readable-stream\lib\_stream_writable.js:381:5)
    at Writable.write (C:\Users\SHERE\AppData\Roaming\nvm\v20.18.1\node_modules\firebase-tools\node_modules\winston-transport\node_modules\readable-stream\lib\_stream_writable.js:302:11)
    at DerivedLogger.ondata (C:\Users\SHERE\AppData\Roaming\nvm\v20.18.1\node_modules\firebase-tools\node_modules\winston\node_modules\readable-stream\lib\_stream_readable.js:629:20)
[error] 
[error] Error: An unexpected error has occurred.
[debug] [2026-07-06T18:25:22.284Z] Error: EPIPE: broken pipe, write
    at Socket._write (node:internal/net:61:18)
    at writeOrBuffer (node:internal/streams/writable:572:12)
    at _write (node:internal/streams/writable:501:10)
    at Writable.write (node:internal/streams/writable:510:10)
    at Console.log (C:\Users\SHERE\AppData\Roaming\nvm\v20.18.1\node_modules\firebase-tools\node_modules\winston\lib\winston\transports\console.js:87:23)
    at Console._write (C:\Users\SHERE\AppData\Roaming\nvm\v20.18.1\node_modules\firebase-tools\node_modules\winston-transport\modern.js:103:17)
    at doWrite (C:\Users\SHERE\AppData\Roaming\nvm\v20.18.1\node_modules\firebase-tools\node_modules\winston-transport\node_modules\readable-stream\lib\_stream_writable.js:390:139)
    at writeOrBuffer (C:\Users\SHERE\AppData\Roaming\nvm\v20.18.1\node_modules\firebase-tools\node_modules\winston-transport\node_modules\readable-stream\lib\_stream_writable.js:381:5)
    at Writable.write (C:\Users\SHERE\AppData\Roaming\nvm\v20.18.1\node_modules\firebase-tools\node_modules\winston-transport\node_modules\readable-stream\lib\_stream_writable.js:302:11)
    at DerivedLogger.ondata (C:\Users\SHERE\AppData\Roaming\nvm\v20.18.1\node_modules\firebase-tools\node_modules\winston\node_modules\readable-stream\lib\_stream_readable.js:629:20)
[error] 
[error] Error: An unexpected error has occurred.
[debug] [2026-07-06T18:25:22.286Z] Error: EPIPE: broken pipe, write
    at Socket._write (node:internal/net:61:18)
    at writeOrBuffer (node:internal/streams/writable:572:12)
    at _write (node:internal/streams/writable:501:10)
    at Writable.write (node:internal/streams/writable:510:10)
    at Console.log (C:\Users\SHERE\AppData\Roaming\nvm\v20.18.1\node_modules\firebase-tools\node_modules\winston\lib\winston\transports\console.js:87:23)
    at Console._write (C:\Users\SHERE\AppData\Roaming\nvm\v20.18.1\node_modules\firebase-tools\node_modules\winston-transport\modern.js:103:17)
    at doWrite (C:\Users\SHERE\AppData\Roaming\nvm\v20.18.1\node_modules\firebase-tools\node_modules\winston-transport\node_modules\readable-stream\lib\_stream_writable.js:390:139)
    at writeOrBuffer (C:\Users\SHERE\AppData\Roaming\nvm\v20.18.1\node_modules\firebase-tools\node_modules\winston-transport\node_modules\readable-stream\lib\_stream_writable.js:381:5)
    at Writable.write (C:\Users\SHERE\AppData\Roaming\nvm\v20.18.1\node_modules\firebase-tools\node_modules\winston-transport\node_modules\readable-stream\lib\_stream_writable.js:302:11)
    at DerivedLogger.ondata (C:\Users\SHERE\AppData\Roaming\nvm\v20.18.1\node_modules\firebase-tools\node_modules\winston\node_modules\readable-stream\lib\_stream_readable.js:629:20)
[error] 
[error] Error: An unexpected error has occurred.
[debug] [2026-07-06T18:25:22.287Z] Error: EPIPE: broken pipe, write
    at Socket._write (node:internal/net:61:18)
    at writeOrBuffer (node:internal/streams/writable:572:12)
    at _write (node:internal/streams/writable:501:10)
    at Writable.write (node:internal/streams/writable:510:10)
    at Console.log (C:\Users\SHERE\AppData\Roaming\nvm\v20.18.1\node_modules\firebase-tools\node_modules\winston\lib\winston\transports\console.js:87:23)
    at Console._write (C:\Users\SHERE\AppData\Roaming\nvm\v20.18.1\node_modules\firebase-tools\node_modules\winston-transport\modern.js:103:17)
    at doWrite (C:\Users\SHERE\AppData\Roaming\nvm\v20.18.1\node_modules\firebase-tools\node_modules\winston-transport\node_modules\readable-stream\lib\_stream_writable.js:390:139)
    at writeOrBuffer (C:\Users\SHERE\AppData\Roaming\nvm\v20.18.1\node_modules\firebase-tools\node_modules\winston-transport\node_modules\readable-stream\lib\_stream_writable.js:381:5)
    at Writable.write (C:\Users\SHERE\AppData\Roaming\nvm\v20.18.1\node_modules\firebase-tools\node_modules\winston-transport\node_modules\readable-stream\lib\_stream_writable.js:302:11)
    at DerivedLogger.ondata (C:\Users\SHERE\AppData\Roaming\nvm\v20.18.1\node_modules\firebase-tools\node_modules\winston\node_modules\readable-stream\lib\_stream_readable.js:629:20)
[error] 
[error] Error: An unexpected error has occurred.
[debug] [2026-07-06T18:25:22.287Z] Error: EPIPE: broken pipe, write
    at Socket._write (node:internal/net:61:18)
    at writeOrBuffer (node:internal/streams/writable:572:12)
    at _write (node:internal/streams/writable:501:10)
    at Writable.write (node:internal/streams/writable:510:10)
    at Console.log (C:\Users\SHERE\AppData\Roaming\nvm\v20.18.1\node_modules\firebase-tools\node_modules\winston\lib\winston\transports\console.js:87:23)
    at Console._write (C:\Users\SHERE\AppData\Roaming\nvm\v20.18.1\node_modules\firebase-tools\node_modules\winston-transport\modern.js:103:17)
    at doWrite (C:\Users\SHERE\AppData\Roaming\nvm\v20.18.1\node_modules\firebase-tools\node_modules\winston-transport\node_modules\readable-stream\lib\_stream_writable.js:390:139)
    at writeOrBuffer (C:\Users\SHERE\AppData\Roaming\nvm\v20.18.1\node_modules\firebase-tools\node_modules\winston-transport\node_modules\readable-stream\lib\_stream_writable.js:381:5)
    at Writable.write (C:\Users\SHERE\AppData\Roaming\nvm\v20.18.1\node_modules\firebase-tools\node_modules\winston-transport\node_modules\readable-stream\lib\_stream_writable.js:302:11)
    at DerivedLogger.ondata (C:\Users\SHERE\AppData\Roaming\nvm\v20.18.1\node_modules\firebase-tools\node_modules\winston\node_modules\readable-stream\lib\_stream_readable.js:629:20)
[error] 
[error] Error: An unexpected error has occurred.
[debug] [2026-07-06T18:25:22.290Z] Error: EPIPE: broken pipe, write
    at Socket._write (node:internal/net:61:18)
    at writeOrBuffer (node:internal/streams/writable:572:12)
    at _write (node:internal/streams/writable:501:10)
    at Writable.write (node:internal/streams/writable:510:10)
    at Console.log (C:\Users\SHERE\AppData\Roaming\nvm\v20.18.1\node_modules\firebase-tools\node_modules\winston\lib\winston\transports\console.js:87:23)
    at Console._write (C:\Users\SHERE\AppData\Roaming\nvm\v20.18.1\node_modules\firebase-tools\node_modules\winston-transport\modern.js:103:17)
    at doWrite (C:\Users\SHERE\AppData\Roaming\nvm\v20.18.1\node_modules\firebase-tools\node_modules\winston-transport\node_modules\readable-stream\lib\_stream_writable.js:390:139)
    at writeOrBuffer (C:\Users\SHERE\AppData\Roaming\nvm\v20.18.1\node_modules\firebase-tools\node_modules\winston-transport\node_modules\readable-stream\lib\_stream_writable.js:381:5)
    at Writable.write (C:\Users\SHERE\AppData\Roaming\nvm\v20.18.1\node_modules\firebase-tools\node_modules\winston-transport\node_modules\readable-stream\lib\_stream_writable.js:302:11)
    at DerivedLogger.ondata (C:\Users\SHERE\AppData\Roaming\nvm\v20.18.1\node_modules\firebase-tools\node_modules\winston\node_modules\readable-stream\lib\_stream_readable.js:629:20)
[error] 
[error] Error: An unexpected error has occurred.
[debug] [2026-07-06T18:25:22.296Z] Error: EPIPE: broken pipe, write
    at Socket._write (node:internal/net:61:18)
    at writeOrBuffer (node:internal/streams/writable:572:12)
    at _write (node:internal/streams/writable:501:10)
    at Writable.write (node:internal/streams/writable:510:10)
    at Console.log (C:\Users\SHERE\AppData\Roaming\nvm\v20.18.1\node_modules\firebase-tools\node_modules\winston\lib\winston\transports\console.js:87:23)
    at Console._write (C:\Users\SHERE\AppData\Roaming\nvm\v20.18.1\node_modules\firebase-tools\node_modules\winston-transport\modern.js:103:17)
    at doWrite (C:\Users\SHERE\AppData\Roaming\nvm\v20.18.1\node_modules\firebase-tools\node_modules\winston-transport\node_modules\readable-stream\lib\_stream_writable.js:390:139)
    at writeOrBuffer (C:\Users\SHERE\AppData\Roaming\nvm\v20.18.1\node_modules\firebase-tools\node_modules\winston-transport\node_modules\readable-stream\lib\_stream_writable.js:381:5)
    at Writable.write (C:\Users\SHERE\AppData\Roaming\nvm\v20.18.1\node_modules\firebase-tools\node_modules\winston-transport\node_modules\readable-stream\lib\_stream_writable.js:302:11)
    at DerivedLogger.ondata (C:\Users\SHERE\AppData\Roaming\nvm\v20.18.1\node_modules\firebase-tools\node_modules\winston\node_modules\readable-stream\lib\_stream_readable.js:629:20)
[error] 
[error] Error: An unexpected error has occurred.
[debug] [2026-07-06T18:25:22.298Z] Error: EPIPE: broken pipe, write
    at Socket._write (node:internal/net:61:18)
    at writeOrBuffer (node:internal/streams/writable:572:12)
    at _write (node:internal/streams/writable:501:10)
    at Writable.write (node:internal/streams/writable:510:10)
    at Console.log (C:\Users\SHERE\AppData\Roaming\nvm\v20.18.1\node_modules\firebase-tools\node_modules\winston\lib\winston\transports\console.js:87:23)
    at Console._write (C:\Users\SHERE\AppData\Roaming\nvm\v20.18.1\node_modules\firebase-tools\node_modules\winston-transport\modern.js:103:17)
    at doWrite (C:\Users\SHERE\AppData\Roaming\nvm\v20.18.1\node_modules\firebase-tools\node_modules\winston-transport\node_modules\readable-stream\lib\_stream_writable.js:390:139)
    at writeOrBuffer (C:\Users\SHERE\AppData\Roaming\nvm\v20.18.1\node_modules\firebase-tools\node_modules\winston-transport\node_modules\readable-stream\lib\_stream_writable.js:381:5)
    at Writable.write (C:\Users\SHERE\AppData\Roaming\nvm\v20.18.1\node_modules\firebase-tools\node_modules\winston-transport\node_modules\readable-stream\lib\_stream_writable.js:302:11)
    at DerivedLogger.ondata (C:\Users\SHERE\AppData\Roaming\nvm\v20.18.1\node_modules\firebase-tools\node_modules\winston\node_modules\readable-stream\lib\_stream_readable.js:629:20)
[error] 
[error] Error: An unexpected error has occurred.
[debug] [2026-07-06T18:25:22.299Z] Error: EPIPE: broken pipe, write
    at Socket._write (node:internal/net:61:18)
    at writeOrBuffer (node:internal/streams/writable:572:12)
    at _write (node:internal/streams/writable:501:10)
    at Writable.write (node:internal/streams/writable:510:10)
    at Console.log (C:\Users\SHERE\AppData\Roaming\nvm\v20.18.1\node_modules\firebase-tools\node_modules\winston\lib\winston\transports\console.js:87:23)
    at Console._write (C:\Users\SHERE\AppData\Roaming\nvm\v20.18.1\node_modules\firebase-tools\node_modules\winston-transport\modern.js:103:17)
    at doWrite (C:\Users\SHERE\AppData\Roaming\nvm\v20.18.1\node_modules\firebase-tools\node_modules\winston-transport\node_modules\readable-stream\lib\_stream_writable.js:390:139)
    at writeOrBuffer (C:\Users\SHERE\AppData\Roaming\nvm\v20.18.1\node_modules\firebase-tools\node_modules\winston-transport\node_modules\readable-stream\lib\_stream_writable.js:381:5)
    at Writable.write (C:\Users\SHERE\AppData\Roaming\nvm\v20.18.1\node_modules\firebase-tools\node_modules\winston-transport\node_modules\readable-stream\lib\_stream_writable.js:302:11)
    at DerivedLogger.ondata (C:\Users\SHERE\AppData\Roaming\nvm\v20.18.1\node_modules\firebase-tools\node_modules\winston\node_modules\readable-stream\lib\_stream_readable.js:629:20)
[error] 
[error] Error: An unexpected error has occurred.
[debug] [2026-07-06T18:25:22.300Z] Error: EPIPE: broken pipe, write
    at Socket._write (node:internal/net:61:18)
    at writeOrBuffer (node:internal/streams/writable:572:12)
    at _write (node:internal/streams/writable:501:10)
    at Writable.write (node:internal/streams/writable:510:10)
    at Console.log (C:\Users\SHERE\AppData\Roaming\nvm\v20.18.1\node_modules\firebase-tools\node_modules\winston\lib\winston\transports\console.js:87:23)
    at Console._write (C:\Users\SHERE\AppData\Roaming\nvm\v20.18.1\node_modules\firebase-tools\node_modules\winston-transport\modern.js:103:17)
    at doWrite (C:\Users\SHERE\AppData\Roaming\nvm\v20.18.1\node_modules\firebase-tools\node_modules\winston-transport\node_modules\readable-stream\lib\_stream_writable.js:390:139)
    at writeOrBuffer (C:\Users\SHERE\AppData\Roaming\nvm\v20.18.1\node_modules\firebase-tools\node_modules\winston-transport\node_modules\readable-stream\lib\_stream_writable.js:381:5)
    at Writable.write (C:\Users\SHERE\AppData\Roaming\nvm\v20.18.1\node_modules\firebase-tools\node_modules\winston-transport\node_modules\readable-stream\lib\_stream_writable.js:302:11)
    at DerivedLogger.ondata (C:\Users\SHERE\AppData\Roaming\nvm\v20.18.1\node_modules\firebase-tools\node_modules\winston\node_modules\readable-stream\lib\_stream_readable.js:629:20)
[error] 
[error] Error: An unexpected error has occurred.
[debug] [2026-07-06T18:25:22.301Z] Error: EPIPE: broken pipe, write
    at Socket._write (node:internal/net:61:18)
    at writeOrBuffer (node:internal/streams/writable:572:12)
    at _write (node:internal/streams/writable:501:10)
    at Writable.write (node:internal/streams/writable:510:10)
    at Console.log (C:\Users\SHERE\AppData\Roaming\nvm\v20.18.1\node_modules\firebase-tools\node_modules\winston\lib\winston\transports\console.js:87:23)
    at Console._write (C:\Users\SHERE\AppData\Roaming\nvm\v20.18.1\node_modules\firebase-tools\node_modules\winston-transport\modern.js:103:17)
    at doWrite (C:\Users\SHERE\AppData\Roaming\nvm\v20.18.1\node_modules\firebase-tools\node_modules\winston-transport\node_modules\readable-stream\lib\_stream_writable.js:390:139)
    at writeOrBuffer (C:\Users\SHERE\AppData\Roaming\nvm\v20.18.1\node_modules\firebase-tools\node_modules\winston-transport\node_modules\readable-stream\lib\_stream_writable.js:381:5)
    at Writable.write (C:\Users\SHERE\AppData\Roaming\nvm\v20.18.1\node_modules\firebase-tools\node_modules\winston-transport\node_modules\readable-stream\lib\_stream_writable.js:302:11)
    at DerivedLogger.ondata (C:\Users\SHERE\AppData\Roaming\nvm\v20.18.1\node_modules\firebase-tools\node_modules\winston\node_modules\readable-stream\lib\_stream_readable.js:629:20)
[error] 
[error] Error: An unexpected error has occurred.
[debug] [2026-07-06T18:25:22.302Z] Error: EPIPE: broken pipe, write
    at Socket._write (node:internal/net:61:18)
    at writeOrBuffer (node:internal/streams/writable:572:12)
    at _write (node:internal/streams/writable:501:10)
    at Writable.write (node:internal/streams/writable:510:10)
    at Console.log (C:\Users\SHERE\AppData\Roaming\nvm\v20.18.1\node_modules\firebase-tools\node_modules\winston\lib\winston\transports\console.js:87:23)
    at Console._write (C:\Users\SHERE\AppData\Roaming\nvm\v20.18.1\node_modules\firebase-tools\node_modules\winston-transport\modern.js:103:17)
    at doWrite (C:\Users\SHERE\AppData\Roaming\nvm\v20.18.1\node_modules\firebase-tools\node_modules\winston-transport\node_modules\readable-stream\lib\_stream_writable.js:390:139)
    at writeOrBuffer (C:\Users\SHERE\AppData\Roaming\nvm\v20.18.1\node_modules\firebase-tools\node_modules\winston-transport\node_modules\readable-stream\lib\_stream_writable.js:381:5)
    at Writable.write (C:\Users\SHERE\AppData\Roaming\nvm\v20.18.1\node_modules\firebase-tools\node_modules\winston-transport\node_modules\readable-stream\lib\_stream_writable.js:302:11)
    at DerivedLogger.ondata (C:\Users\SHERE\AppData\Roaming\nvm\v20.18.1\node_modules\firebase-tools\node_modules\winston\node_modules\readable-stream\lib\_stream_readable.js:629:20)
[error] 
[error] Error: An unexpected error has occurred.
[debug] [2026-07-06T18:25:22.303Z] Error: EPIPE: broken pipe, write
    at Socket._write (node:internal/net:61:18)
    at writeOrBuffer (node:internal/streams/writable:572:12)
    at _write (node:internal/streams/writable:501:10)
    at Writable.write (node:internal/streams/writable:510:10)
    at Console.log (C:\Users\SHERE\AppData\Roaming\nvm\v20.18.1\node_modules\firebase-tools\node_modules\winston\lib\winston\transports\console.js:87:23)
    at Console._write (C:\Users\SHERE\AppData\Roaming\nvm\v20.18.1\node_modules\firebase-tools\node_modules\winston-transport\modern.js:103:17)
    at doWrite (C:\Users\SHERE\AppData\Roaming\nvm\v20.18.1\node_modules\firebase-tools\node_modules\winston-transport\node_modules\readable-stream\lib\_stream_writable.js:390:139)
    at writeOrBuffer (C:\Users\SHERE\AppData\Roaming\nvm\v20.18.1\node_modules\firebase-tools\node_modules\winston-transport\node_modules\readable-stream\lib\_stream_writable.js:381:5)
    at Writable.write (C:\Users\SHERE\AppData\Roaming\nvm\v20.18.1\node_modules\firebase-tools\node_modules\winston-transport\node_modules\readable-stream\lib\_stream_writable.js:302:11)
    at DerivedLogger.ondata (C:\Users\SHERE\AppData\Roaming\nvm\v20.18.1\node_modules\firebase-tools\node_modules\winston\node_modules\readable-stream\lib\_stream_readable.js:629:20)
[error] 
[error] Error: An unexpected error has occurred.
[debug] [2026-07-06T18:25:22.304Z] Error: EPIPE: broken pipe, write
    at Socket._write (node:internal/net:61:18)
    at writeOrBuffer (node:internal/streams/writable:572:12)
    at _write (node:internal/streams/writable:501:10)
    at Writable.write (node:internal/streams/writable:510:10)
    at Console.log (C:\Users\SHERE\AppData\Roaming\nvm\v20.18.1\node_modules\firebase-tools\node_modules\winston\lib\winston\transports\console.js:87:23)
    at Console._write (C:\Users\SHERE\AppData\Roaming\nvm\v20.18.1\node_modules\firebase-tools\node_modules\winston-transport\modern.js:103:17)
    at doWrite (C:\Users\SHERE\AppData\Roaming\nvm\v20.18.1\node_modules\firebase-tools\node_modules\winston-transport\node_modules\readable-stream\lib\_stream_writable.js:390:139)
    at writeOrBuffer (C:\Users\SHERE\AppData\Roaming\nvm\v20.18.1\node_modules\firebase-tools\node_modules\winston-transport\node_modules\readable-stream\lib\_stream_writable.js:381:5)
    at Writable.write (C:\Users\SHERE\AppData\Roaming\nvm\v20.18.1\node_modules\firebase-tools\node_modules\winston-transport\node_modules\readable-stream\lib\_stream_writable.js:302:11)
    at DerivedLogger.ondata (C:\Users\SHERE\AppData\Roaming\nvm\v20.18.1\node_modules\firebase-tools\node_modules\winston\node_modules\readable-stream\lib\_stream_readable.js:629:20)
[error] 
[error] Error: An unexpected error has occurred.
[debug] [2026-07-06T18:25:22.306Z] Error: EPIPE: broken pipe, write
    at Socket._write (node:internal/net:61:18)
    at writeOrBuffer (node:internal/streams/writable:572:12)
    at _write (node:internal/streams/writable:501:10)
    at Writable.write (node:internal/streams/writable:510:10)
    at Console.log (C:\Users\SHERE\AppData\Roaming\nvm\v20.18.1\node_modules\firebase-tools\node_modules\winston\lib\winston\transports\console.js:87:23)
    at Console._write (C:\Users\SHERE\AppData\Roaming\nvm\v20.18.1\node_modules\firebase-tools\node_modules\winston-transport\modern.js:103:17)
    at doWrite (C:\Users\SHERE\AppData\Roaming\nvm\v20.18.1\node_modules\firebase-tools\node_modules\winston-transport\node_modules\readable-stream\lib\_stream_writable.js:390:139)
    at writeOrBuffer (C:\Users\SHERE\AppData\Roaming\nvm\v20.18.1\node_modules\firebase-tools\node_modules\winston-transport\node_modules\readable-stream\lib\_stream_writable.js:381:5)
    at Writable.write (C:\Users\SHERE\AppData\Roaming\nvm\v20.18.1\node_modules\firebase-tools\node_modules\winston-transport\node_modules\readable-stream\lib\_stream_writable.js:302:11)
    at DerivedLogger.ondata (C:\Users\SHERE\AppData\Roaming\nvm\v20.18.1\node_modules\firebase-tools\node_modules\winston\node_modules\readable-stream\lib\_stream_readable.js:629:20)
[error] 
[error] Error: An unexpected error has occurred.
[debug] [2026-07-06T18:25:22.307Z] Error: EPIPE: broken pipe, write
    at Socket._write (node:internal/net:61:18)
    at writeOrBuffer (node:internal/streams/writable:572:12)
    at _write (node:internal/streams/writable:501:10)
    at Writable.write (node:internal/streams/writable:510:10)
    at Console.log (C:\Users\SHERE\AppData\Roaming\nvm\v20.18.1\node_modules\firebase-tools\node_modules\winston\lib\winston\transports\console.js:87:23)
    at Console._write (C:\Users\SHERE\AppData\Roaming\nvm\v20.18.1\node_modules\firebase-tools\node_modules\winston-transport\modern.js:103:17)
    at doWrite (C:\Users\SHERE\AppData\Roaming\nvm\v20.18.1\node_modules\firebase-tools\node_modules\winston-transport\node_modules\readable-stream\lib\_stream_writable.js:390:139)
    at writeOrBuffer (C:\Users\SHERE\AppData\Roaming\nvm\v20.18.1\node_modules\firebase-tools\node_modules\winston-transport\node_modules\readable-stream\lib\_stream_writable.js:381:5)
    at Writable.write (C:\Users\SHERE\AppData\Roaming\nvm\v20.18.1\node_modules\firebase-tools\node_modules\winston-transport\node_modules\readable-stream\lib\_stream_writable.js:302:11)
    at DerivedLogger.ondata (C:\Users\SHERE\AppData\Roaming\nvm\v20.18.1\node_modules\firebase-tools\node_modules\winston\node_modules\readable-stream\lib\_stream_readable.js:629:20)
[error] 
[error] Error: An unexpected error has occurred.
[debug] [2026-07-06T18:25:22.311Z] Error: EPIPE: broken pipe, write
    at Socket._write (node:internal/net:61:18)
    at writeOrBuffer (node:internal/streams/writable:572:12)
    at _write (node:internal/streams/writable:501:10)
    at Writable.write (node:internal/streams/writable:510:10)
    at Console.log (C:\Users\SHERE\AppData\Roaming\nvm\v20.18.1\node_modules\firebase-tools\node_modules\winston\lib\winston\transports\console.js:87:23)
    at Console._write (C:\Users\SHERE\AppData\Roaming\nvm\v20.18.1\node_modules\firebase-tools\node_modules\winston-transport\modern.js:103:17)
    at doWrite (C:\Users\SHERE\AppData\Roaming\nvm\v20.18.1\node_modules\firebase-tools\node_modules\winston-transport\node_modules\readable-stream\lib\_stream_writable.js:390:139)
    at writeOrBuffer (C:\Users\SHERE\AppData\Roaming\nvm\v20.18.1\node_modules\firebase-tools\node_modules\winston-transport\node_modules\readable-stream\lib\_stream_writable.js:381:5)
    at Writable.write (C:\Users\SHERE\AppData\Roaming\nvm\v20.18.1\node_modules\firebase-tools\node_modules\winston-transport\node_modules\readable-stream\lib\_stream_writable.js:302:11)
    at DerivedLogger.ondata (C:\Users\SHERE\AppData\Roaming\nvm\v20.18.1\node_modules\firebase-tools\node_modules\winston\node_modules\readable-stream\lib\_stream_readable.js:629:20)
[error] 
[error] Error: An unexpected error has occurred.
[debug] [2026-07-06T18:25:22.312Z] Error: EPIPE: broken pipe, write
    at Socket._write (node:internal/net:61:18)
    at writeOrBuffer (node:internal/streams/writable:572:12)
    at _write (node:internal/streams/writable:501:10)
    at Writable.write (node:internal/streams/writable:510:10)
    at Console.log (C:\Users\SHERE\AppData\Roaming\nvm\v20.18.1\node_modules\firebase-tools\node_modules\winston\lib\winston\transports\console.js:87:23)
    at Console._write (C:\Users\SHERE\AppData\Roaming\nvm\v20.18.1\node_modules\firebase-tools\node_modules\winston-transport\modern.js:103:17)
    at doWrite (C:\Users\SHERE\AppData\Roaming\nvm\v20.18.1\node_modules\firebase-tools\node_modules\winston-transport\node_modules\readable-stream\lib\_stream_writable.js:390:139)
    at writeOrBuffer (C:\Users\SHERE\AppData\Roaming\nvm\v20.18.1\node_modules\firebase-tools\node_modules\winston-transport\node_modules\readable-stream\lib\_stream_writable.js:381:5)
    at Writable.write (C:\Users\SHERE\AppData\Roaming\nvm\v20.18.1\node_modules\firebase-tools\node_modules\winston-transport\node_modules\readable-stream\lib\_stream_writable.js:302:11)
    at DerivedLogger.ondata (C:\Users\SHERE\AppData\Roaming\nvm\v20.18.1\node_modules\firebase-tools\node_modules\winston\node_modules\readable-stream\lib\_stream_readable.js:629:20)
[error] 
[error] Error: An unexpected error has occurred.
[debug] [2026-07-06T18:25:22.314Z] Error: EPIPE: broken pipe, write
    at Socket._write (node:internal/net:61:18)
    at writeOrBuffer (node:internal/streams/writable:572:12)
    at _write (node:internal/streams/writable:501:10)
    at Writable.write (node:internal/streams/writable:510:10)
    at Console.log (C:\Users\SHERE\AppData\Roaming\nvm\v20.18.1\node_modules\firebase-tools\node_modules\winston\lib\winston\transports\console.js:87:23)
    at Console._write (C:\Users\SHERE\AppData\Roaming\nvm\v20.18.1\node_modules\firebase-tools\node_modules\winston-transport\modern.js:103:17)
    at doWrite (C:\Users\SHERE\AppData\Roaming\nvm\v20.18.1\node_modules\firebase-tools\node_modules\winston-transport\node_modules\readable-stream\lib\_stream_writable.js:390:139)
    at writeOrBuffer (C:\Users\SHERE\AppData\Roaming\nvm\v20.18.1\node_modules\firebase-tools\node_modules\winston-transport\node_modules\readable-stream\lib\_stream_writable.js:381:5)
    at Writable.write (C:\Users\SHERE\AppData\Roaming\nvm\v20.18.1\node_modules\firebase-tools\node_modules\winston-transport\node_modules\readable-stream\lib\_stream_writable.js:302:11)
    at DerivedLogger.ondata (C:\Users\SHERE\AppData\Roaming\nvm\v20.18.1\node_modules\firebase-tools\node_modules\winston\node_modules\readable-stream\lib\_stream_readable.js:629:20)
[error] 
[error] Error: An unexpected error has occurred.
[debug] [2026-07-06T18:25:22.315Z] Error: EPIPE: broken pipe, write
    at Socket._write (node:internal/net:61:18)
    at writeOrBuffer (node:internal/streams/writable:572:12)
    at _write (node:internal/streams/writable:501:10)
    at Writable.write (node:internal/streams/writable:510:10)
    at Console.log (C:\Users\SHERE\AppData\Roaming\nvm\v20.18.1\node_modules\firebase-tools\node_modules\winston\lib\winston\transports\console.js:87:23)
    at Console._write (C:\Users\SHERE\AppData\Roaming\nvm\v20.18.1\node_modules\firebase-tools\node_modules\winston-transport\modern.js:103:17)
    at doWrite (C:\Users\SHERE\AppData\Roaming\nvm\v20.18.1\node_modules\firebase-tools\node_modules\winston-transport\node_modules\readable-stream\lib\_stream_writable.js:390:139)
    at writeOrBuffer (C:\Users\SHERE\AppData\Roaming\nvm\v20.18.1\node_modules\firebase-tools\node_modules\winston-transport\node_modules\readable-stream\lib\_stream_writable.js:381:5)
    at Writable.write (C:\Users\SHERE\AppData\Roaming\nvm\v20.18.1\node_modules\firebase-tools\node_modules\winston-transport\node_modules\readable-stream\lib\_stream_writable.js:302:11)
    at DerivedLogger.ondata (C:\Users\SHERE\AppData\Roaming\nvm\v20.18.1\node_modules\firebase-tools\node_modules\winston\node_modules\readable-stream\lib\_stream_readable.js:629:20)
[error] 
[error] Error: An unexpected error has occurred.
[debug] [2026-07-06T18:25:22.315Z] Error: EPIPE: broken pipe, write
    at Socket._write (node:internal/net:61:18)
    at writeOrBuffer (node:internal/streams/writable:572:12)
    at _write (node:internal/streams/writable:501:10)
    at Writable.write (node:internal/streams/writable:510:10)
    at Console.log (C:\Users\SHERE\AppData\Roaming\nvm\v20.18.1\node_modules\firebase-tools\node_modules\winston\lib\winston\transports\console.js:87:23)
    at Console._write (C:\Users\SHERE\AppData\Roaming\nvm\v20.18.1\node_modules\firebase-tools\node_modules\winston-transport\modern.js:103:17)
    at doWrite (C:\Users\SHERE\AppData\Roaming\nvm\v20.18.1\node_modules\firebase-tools\node_modules\winston-transport\node_modules\readable-stream\lib\_stream_writable.js:390:139)
    at writeOrBuffer (C:\Users\SHERE\AppData\Roaming\nvm\v20.18.1\node_modules\firebase-tools\node_modules\winston-transport\node_modules\readable-stream\lib\_stream_writable.js:381:5)
    at Writable.write (C:\Users\SHERE\AppData\Roaming\nvm\v20.18.1\node_modules\firebase-tools\node_modules\winston-transport\node_modules\readable-stream\lib\_stream_writable.js:302:11)
    at DerivedLogger.ondata (C:\Users\SHERE\AppData\Roaming\nvm\v20.18.1\node_modules\firebase-tools\node_modules\winston\node_modules\readable-stream\lib\_stream_readable.js:629:20)
[error] 
[error] Error: An unexpected error has occurred.
[debug] [2026-07-06T18:25:22.316Z] Error: EPIPE: broken pipe, write
    at Socket._write (node:internal/net:61:18)
    at writeOrBuffer (node:internal/streams/writable:572:12)
    at _write (node:internal/streams/writable:501:10)
    at Writable.write (node:internal/streams/writable:510:10)
    at Console.log (C:\Users\SHERE\AppData\Roaming\nvm\v20.18.1\node_modules\firebase-tools\node_modules\winston\lib\winston\transports\console.js:87:23)
    at Console._write (C:\Users\SHERE\AppData\Roaming\nvm\v20.18.1\node_modules\firebase-tools\node_modules\winston-transport\modern.js:103:17)
    at doWrite (C:\Users\SHERE\AppData\Roaming\nvm\v20.18.1\node_modules\firebase-tools\node_modules\winston-transport\node_modules\readable-stream\lib\_stream_writable.js:390:139)
    at writeOrBuffer (C:\Users\SHERE\AppData\Roaming\nvm\v20.18.1\node_modules\firebase-tools\node_modules\winston-transport\node_modules\readable-stream\lib\_stream_writable.js:381:5)
    at Writable.write (C:\Users\SHERE\AppData\Roaming\nvm\v20.18.1\node_modules\firebase-tools\node_modules\winston-transport\node_modules\readable-stream\lib\_stream_writable.js:302:11)
    at DerivedLogger.ondata (C:\Users\SHERE\AppData\Roaming\nvm\v20.18.1\node_modules\firebase-tools\node_modules\winston\node_modules\readable-stream\lib\_stream_readable.js:629:20)
